[24/Aug/2026 14:55:36] "GET /api/v1/health/ HTTP/1.1" 200 64
[24/Aug/2026 14:55:53] "POST /api/v1/chatbot/ask/ HTTP/1.1" 200 88
WARNING 2026-08-24 14:55:53,957 log Bad Request: /api/v1/chatbot/ask/
[24/Aug/2026 14:55:53] "POST /api/v1/chatbot/ask/ HTTP/1.1" 400 61
WARNING 2026-08-24 14:56:08,612 log Bad Request: /api/v1/chatbot/ask/
[24/Aug/2026 14:56:08] "POST /api/v1/chatbot/ask/ HTTP/1.1" 400 61
[24/Aug/2026 14:59:30] "GET /api/v1/health/ HTTP/1.1" 200 64
[24/Aug/2026 15:02:25] "GET /api/v1/health/ HTTP/1.1" 200 64
[24/Aug/2026 15:11:20] "GET /api/v1/health/ HTTP/1.1" 200 64
WARNING 2026-08-24 15:17:47,961 log Bad Request: /api/v1/subscriptions/
[24/Aug/2026 15:17:47] "POST /api/v1/subscriptions/ HTTP/1.1" 400 41
WARNING 2026-08-24 15:18:44,722 log Bad Request: /api/v1/subscriptions/
[24/Aug/2026 15:18:44] "POST /api/v1/subscriptions/ HTTP/1.1" 400 41
[24/Aug/2026 15:18:49] "GET /api/v1/products/abonnement-fibre/ HTTP/1.1" 200 1206
[24/Aug/2026 15:18:49] "POST /api/v1/analytics/events/ HTTP/1.1" 201 138
WARNING 2026-08-24 15:18:56,069 log Bad Request: /api/v1/subscriptions/
[24/Aug/2026 15:18:56] "POST /api/v1/subscriptions/ HTTP/1.1" 400 41
[24/Aug/2026 15:19:15] "GET /api/v1/promotions/active/ HTTP/1.1" 200 281
[24/Aug/2026 15:19:15] "GET /api/v1/news/ HTTP/1.1" 200 455
[24/Aug/2026 15:19:15] "GET /api/v1/products/?page=1 HTTP/1.1" 200 3685
[24/Aug/2026 15:19:15] "GET /api/v1/categories/ HTTP/1.1" 200 979
[24/Aug/2026 15:19:19] "POST /api/v1/chatbot/ask/ HTTP/1.1" 200 116
[24/Aug/2026 15:19:35] "POST /api/v1/auth/login/ HTTP/1.1" 200 441
[24/Aug/2026 15:19:35] "GET /api/v1/auth/me/ HTTP/1.1" 200 189
[24/Aug/2026 15:19:37] "GET /api/v1/products/?segment=grand_public&page=1 HTTP/1.1" 200 1258
[24/Aug/2026 15:19:39] "POST /api/v1/analytics/events/ HTTP/1.1" 201 128
[24/Aug/2026 15:19:39] "GET /api/v1/recommendations/?product=abonnement-fibre&limit=3 HTTP/1.1" 200 442
[24/Aug/2026 15:19:39] "GET /api/v1/products/?category=internet HTTP/1.1" 200 1258
[24/Aug/2026 15:21:21] "POST /api/v1/contact/ HTTP/1.1" 201 198
[24/Aug/2026 15:21:35] "GET /api/v1/products/?segment=entreprise HTTP/1.1" 200 2478
[24/Aug/2026 15:21:37] "GET /api/v1/news/ HTTP/1.1" 200 455
[24/Aug/2026 15:21:59] "GET /api/v1/categories/ HTTP/1.1" 200 979
[24/Aug/2026 15:21:59] "GET /api/v1/products/?page=1 HTTP/1.1" 200 3685
[24/Aug/2026 15:22:06] "POST /api/v1/analytics/events/ HTTP/1.1" 201 128
[24/Aug/2026 15:22:06] "GET /api/v1/recommendations/?product=abonnement-fibre&limit=3 HTTP/1.1" 200 442
[24/Aug/2026 15:22:06] "GET /api/v1/products/?category=internet HTTP/1.1" 200 1258
[24/Aug/2026 15:22:06] "GET /api/v1/products/abonnement-fibre/ HTTP/1.1" 200 1206
[24/Aug/2026 15:22:10] "POST /api/v1/analytics/events/ HTTP/1.1" 201 138
WARNING 2026-08-24 15:22:14,581 log Bad Request: /api/v1/subscriptions/
[24/Aug/2026 15:22:14] "POST /api/v1/subscriptions/ HTTP/1.1" 400 41
WARNING 2026-08-24 15:22:15,624 log Bad Request: /api/v1/subscriptions/
[24/Aug/2026 15:22:15] "POST /api/v1/subscriptions/ HTTP/1.1" 400 41
WARNING 2026-08-24 15:22:47,749 log Bad Request: /api/v1/subscriptions/
[24/Aug/2026 15:22:47] "POST /api/v1/subscriptions/ HTTP/1.1" 400 41
WARNING 2026-08-24 15:22:48,421 log Bad Request: /api/v1/subscriptions/
[24/Aug/2026 15:22:48] "POST /api/v1/subscriptions/ HTTP/1.1" 400 41
WARNING 2026-08-24 15:22:48,623 log Bad Request: /api/v1/subscriptions/
[24/Aug/2026 15:22:48] "POST /api/v1/subscriptions/ HTTP/1.1" 400 41
WARNING 2026-08-24 15:22:48,785 log Bad Request: /api/v1/subscriptions/
[24/Aug/2026 15:22:48] "POST /api/v1/subscriptions/ HTTP/1.1" 400 41
WARNING 2026-08-24 15:22:48,911 log Bad Request: /api/v1/subscriptions/
[24/Aug/2026 15:22:48] "POST /api/v1/subscriptions/ HTTP/1.1" 400 41
WARNING 2026-08-24 15:22:49,082 log Bad Request: /api/v1/subscriptions/
[24/Aug/2026 15:22:49] "POST /api/v1/subscriptions/ HTTP/1.1" 400 41
WARNING 2026-08-24 15:22:49,192 log Bad Request: /api/v1/subscriptions/
[24/Aug/2026 15:22:49] "POST /api/v1/subscriptions/ HTTP/1.1" 400 41
WARNING 2026-08-24 15:22:49,362 log Bad Request: /api/v1/subscriptions/
[24/Aug/2026 15:22:49] "POST /api/v1/subscriptions/ HTTP/1.1" 400 41
WARNING 2026-08-24 15:22:49,495 log Bad Request: /api/v1/subscriptions/
[24/Aug/2026 15:22:49] "POST /api/v1/subscriptions/ HTTP/1.1" 400 41
WARNING 2026-08-24 15:22:49,650 log Bad Request: /api/v1/subscriptions/
[24/Aug/2026 15:22:49] "POST /api/v1/subscriptions/ HTTP/1.1" 400 41
WARNING 2026-08-24 15:22:50,239 log Bad Request: /api/v1/subscriptions/
[24/Aug/2026 15:22:50] "POST /api/v1/subscriptions/ HTTP/1.1" 400 41
WARNING 2026-08-24 15:22:56,443 log Forbidden: /api/v1/auth/logout/
[24/Aug/2026 15:22:56] "POST /api/v1/auth/logout/ HTTP/1.1" 403 58
[24/Aug/2026 15:23:06] "POST /api/v1/auth/login/ HTTP/1.1" 200 446
[24/Aug/2026 15:23:07] "GET /api/v1/auth/me/ HTTP/1.1" 200 194
[24/Aug/2026 15:23:10] "GET /api/v1/categories/ HTTP/1.1" 200 979
[24/Aug/2026 15:23:10] "GET /api/v1/products/?page=1 HTTP/1.1" 200 3685
[24/Aug/2026 15:23:20] "GET /api/v1/tickets/my-tickets/ HTTP/1.1" 200 2
[24/Aug/2026 15:23:22] "GET /api/v1/subscriptions/my-dashboard/ HTTP/1.1" 200 54
[24/Aug/2026 15:23:24] "GET /api/v1/subscriptions/my-subscriptions/ HTTP/1.1" 200 2
WARNING 2026-08-24 15:23:52,959 log Forbidden: /api/v1/auth/logout/
[24/Aug/2026 15:23:52] "POST /api/v1/auth/logout/ HTTP/1.1" 403 58
[24/Aug/2026 16:44:44] "POST /api/v1/auth/login/ HTTP/1.1" 200 446
[24/Aug/2026 16:44:44] "GET /api/v1/auth/me/ HTTP/1.1" 200 194
WARNING 2026-08-24 16:44:50,521 log Forbidden: /api/v1/auth/logout/
[24/Aug/2026 16:44:50] "POST /api/v1/auth/logout/ HTTP/1.1" 403 58
WARNING 2026-08-24 16:50:02,393 log Unauthorized: /api/v1/auth/login/
[24/Aug/2026 16:50:02] "POST /api/v1/auth/login/ HTTP/1.1" 401 36
[24/Aug/2026 16:50:02] "POST /api/v1/auth/refresh/ HTTP/1.1" 200 244
WARNING 2026-08-24 16:50:08,846 log Unauthorized: /api/v1/auth/login/
[24/Aug/2026 16:50:08] "POST /api/v1/auth/login/ HTTP/1.1" 401 36
WARNING 2026-08-24 16:50:19,348 log Unauthorized: /api/v1/auth/login/
[24/Aug/2026 16:50:19] "POST /api/v1/auth/login/ HTTP/1.1" 401 36
[24/Aug/2026 16:50:19] "POST /api/v1/auth/refresh/ HTTP/1.1" 200 244
WARNING 2026-08-24 16:50:22,094 log Unauthorized: /api/v1/auth/login/
[24/Aug/2026 16:50:22] "POST /api/v1/auth/login/ HTTP/1.1" 401 36
WARNING 2026-08-24 16:50:37,066 log Unauthorized: /api/v1/auth/login/
[24/Aug/2026 16:50:37] "POST /api/v1/auth/login/ HTTP/1.1" 401 36
[24/Aug/2026 16:50:37] "POST /api/v1/auth/refresh/ HTTP/1.1" 200 244
WARNING 2026-08-24 16:50:43,654 log Unauthorized: /api/v1/auth/login/
[24/Aug/2026 16:50:43] "POST /api/v1/auth/login/ HTTP/1.1" 401 36
[24/Aug/2026 16:51:22] "POST /api/v1/auth/login/ HTTP/1.1" 200 471
[24/Aug/2026 16:51:22] "GET /api/v1/auth/me/ HTTP/1.1" 200 219
[24/Aug/2026 16:51:23] "GET /api/v1/notifications/ HTTP/1.1" 200 823
[24/Aug/2026 16:51:23] "GET /api/v1/dashboard/summary/ HTTP/1.1" 200 510
[24/Aug/2026 16:51:23] "GET /api/v1/analytics/summary/?days=30 HTTP/1.1" 200 397
[24/Aug/2026 16:51:38] "POST /api/v1/notifications/4/mark-read/ HTTP/1.1" 200 191
[24/Aug/2026 16:51:38] "GET /api/v1/notifications/ HTTP/1.1" 200 822
[24/Aug/2026 16:51:42] "GET /api/v1/notifications/?page=1 HTTP/1.1" 200 822
[24/Aug/2026 16:51:44] "POST /api/v1/notifications/3/mark-read/ HTTP/1.1" 200 191
[24/Aug/2026 16:51:44] "GET /api/v1/notifications/ HTTP/1.1" 200 821
[24/Aug/2026 16:51:44] "GET /api/v1/notifications/?page=1 HTTP/1.1" 200 821
[24/Aug/2026 16:51:48] "GET /api/v1/products/?page=1 HTTP/1.1" 200 3685
[24/Aug/2026 16:51:51] "GET /api/v1/subscriptions/ HTTP/1.1" 200 1976
[24/Aug/2026 16:52:14] "GET /api/v1/notifications/ HTTP/1.1" 200 821
[24/Aug/2026 16:52:16] "GET /api/v1/tickets/ HTTP/1.1" 200 52
[24/Aug/2026 16:52:18] "GET /api/v1/categories/ HTTP/1.1" 200 979
[24/Aug/2026 16:52:20] "GET /api/v1/news/ HTTP/1.1" 200 455
[24/Aug/2026 16:52:22] "GET /api/v1/promotions/ HTTP/1.1" 200 331
[24/Aug/2026 16:52:23] "GET /api/v1/media/?page=1 HTTP/1.1" 200 52
[24/Aug/2026 16:52:25] "GET /api/v1/contact/ HTTP/1.1" 200 250
WARNING 2026-08-24 16:52:33,929 log Forbidden: /api/v1/auth/logout/
[24/Aug/2026 16:52:33] "POST /api/v1/auth/logout/ HTTP/1.1" 403 58
[24/Aug/2026 16:52:51] "POST /api/v1/auth/login/ HTTP/1.1" 200 441
[24/Aug/2026 16:52:51] "GET /api/v1/auth/me/ HTTP/1.1" 200 189
[24/Aug/2026 16:53:08] "GET /api/v1/auth/me/ HTTP/1.1" 200 189
[24/Aug/2026 16:53:08] "GET /api/v1/auth/me/ HTTP/1.1" 200 189
[24/Aug/2026 16:53:09] "GET /api/v1/products/?page=1 HTTP/1.1" 200 3685
[24/Aug/2026 16:53:09] "GET /api/v1/promotions/active/ HTTP/1.1" 200 281
[24/Aug/2026 16:53:09] "GET /api/v1/news/ HTTP/1.1" 200 455
[24/Aug/2026 16:53:09] "GET /api/v1/categories/ HTTP/1.1" 200 979
[24/Aug/2026 16:53:33] "GET /api/v1/subscriptions/my-subscriptions/ HTTP/1.1" 200 2
[24/Aug/2026 16:53:41] "GET /api/v1/subscriptions/my-dashboard/ HTTP/1.1" 200 54
[24/Aug/2026 16:53:50] "GET /api/v1/tickets/my-tickets/ HTTP/1.1" 200 2
[24/Aug/2026 16:54:30] "GET /api/v1/products/?page=1 HTTP/1.1" 200 3685
[24/Aug/2026 16:54:30] "GET /api/v1/promotions/active/ HTTP/1.1" 200 281
[24/Aug/2026 16:54:30] "GET /api/v1/news/ HTTP/1.1" 200 455
[24/Aug/2026 16:54:30] "GET /api/v1/categories/ HTTP/1.1" 200 979
WARNING 2026-08-24 16:54:50,409 log Forbidden: /api/v1/auth/logout/
[24/Aug/2026 16:54:50] "POST /api/v1/auth/logout/ HTTP/1.1" 403 58
[24/Aug/2026 16:54:57] "POST /api/v1/auth/login/ HTTP/1.1" 200 471
[24/Aug/2026 16:54:58] "GET /api/v1/auth/me/ HTTP/1.1" 200 219
[24/Aug/2026 16:55:02] "GET /api/v1/subscriptions/my-subscriptions/ HTTP/1.1" 200 2
[24/Aug/2026 16:55:03] "GET /api/v1/subscriptions/my-dashboard/ HTTP/1.1" 200 54
[24/Aug/2026 16:55:04] "GET /api/v1/tickets/my-tickets/ HTTP/1.1" 200 2
[24/Aug/2026 16:55:15] "GET /api/v1/auth/me/ HTTP/1.1" 200 219
[24/Aug/2026 16:55:15] "GET /api/v1/auth/me/ HTTP/1.1" 200 219
[24/Aug/2026 16:55:15] "GET /api/v1/products/?page=1 HTTP/1.1" 200 3685
[24/Aug/2026 16:55:15] "GET /api/v1/promotions/active/ HTTP/1.1" 200 281
[24/Aug/2026 16:55:15] "GET /api/v1/news/ HTTP/1.1" 200 455
[24/Aug/2026 16:55:16] "GET /api/v1/categories/ HTTP/1.1" 200 979
[24/Aug/2026 16:55:26] "GET /api/v1/products/?segment=entreprise HTTP/1.1" 200 2478
[24/Aug/2026 16:55:34] "GET /api/v1/subscriptions/my-subscriptions/ HTTP/1.1" 200 2
[24/Aug/2026 16:55:36] "GET /api/v1/subscriptions/my-dashboard/ HTTP/1.1" 200 54
[24/Aug/2026 16:55:37] "GET /api/v1/tickets/my-tickets/ HTTP/1.1" 200 2
[24/Aug/2026 16:56:03] "GET /api/v1/auth/me/ HTTP/1.1" 200 219
[24/Aug/2026 16:56:03] "GET /api/v1/auth/me/ HTTP/1.1" 200 219
[24/Aug/2026 16:56:04] "GET /api/v1/notifications/ HTTP/1.1" 200 821
[24/Aug/2026 16:56:04] "GET /api/v1/dashboard/summary/ HTTP/1.1" 200 510
[24/Aug/2026 16:56:04] "GET /api/v1/analytics/summary/?days=30 HTTP/1.1" 200 397
[24/Aug/2026 16:56:12] "GET /api/v1/users/ HTTP/1.1" 200 1280
[24/Aug/2026 16:56:16] "GET /api/v1/activitylogs/?page=1 HTTP/1.1" 200 2876
[24/Aug/2026 16:56:17] "GET /api/v1/contact/ HTTP/1.1" 200 250
[24/Aug/2026 16:56:18] "GET /api/v1/categories/ HTTP/1.1" 200 979
[24/Aug/2026 16:56:20] "GET /api/v1/products/?page=1 HTTP/1.1" 200 3685
[24/Aug/2026 16:56:34] "GET /api/v1/notifications/ HTTP/1.1" 200 821
[24/Aug/2026 16:57:06] "GET /api/v1/notifications/ HTTP/1.1" 200 821
[24/Aug/2026 16:57:36] "GET /api/v1/notifications/ HTTP/1.1" 200 821
[24/Aug/2026 16:58:06] "GET /api/v1/notifications/ HTTP/1.1" 200 821
[24/Aug/2026 16:58:33] "POST /api/v1/products/ HTTP/1.1" 201 1255
[24/Aug/2026 16:58:34] "GET /api/v1/products/?page=1 HTTP/1.1" 200 4941
[24/Aug/2026 16:58:36] "GET /api/v1/notifications/ HTTP/1.1" 200 821
[24/Aug/2026 16:58:43] "GET /api/v1/categories/ HTTP/1.1" 200 979
[24/Aug/2026 16:58:43] "GET /api/v1/products/4/ HTTP/1.1" 200 1255
WARNING 2026-08-24 16:58:43,900 log Not Found: /media/products/hp.jpg
[24/Aug/2026 16:58:43] "GET /media/products/hp.jpg HTTP/1.1" 404 3553
[24/Aug/2026 16:59:06] "GET /api/v1/notifications/ HTTP/1.1" 200 821
[24/Aug/2026 16:59:36] "GET /api/v1/notifications/ HTTP/1.1" 200 821
[24/Aug/2026 16:59:56] "POST /api/v1/products/4/faqs/ HTTP/1.1" 201 231
[24/Aug/2026 17:00:06] "GET /api/v1/notifications/ HTTP/1.1" 200 821
[24/Aug/2026 17:00:14] "PATCH /api/v1/products/4/ HTTP/1.1" 200 1486
[24/Aug/2026 17:00:14] "GET /api/v1/products/4/ HTTP/1.1" 200 1486
[24/Aug/2026 17:00:14] "GET /api/v1/products/?page=1 HTTP/1.1" 200 5172
[24/Aug/2026 17:00:21] "GET /api/v1/activitylogs/?page=1 HTTP/1.1" 200 2877
[24/Aug/2026 17:04:06] "GET /api/v1/notifications/ HTTP/1.1" 200 821
[24/Aug/2026 17:04:12] "GET /api/v1/products/?page=1 HTTP/1.1" 200 5172
[24/Aug/2026 17:04:16] "GET /api/v1/categories/ HTTP/1.1" 200 979
WARNING 2026-08-24 17:04:16,309 log Not Found: /media/products/hp.jpg
[24/Aug/2026 17:04:16] "GET /api/v1/products/4/ HTTP/1.1" 200 1486
[24/Aug/2026 17:04:16] "GET /media/products/hp.jpg HTTP/1.1" 404 3553
[24/Aug/2026 17:04:25] "GET /api/v1/analytics/summary/?days=30 HTTP/1.1" 200 397
[24/Aug/2026 17:04:25] "GET /api/v1/dashboard/summary/ HTTP/1.1" 200 510
WARNING 2026-08-24 17:04:28,155 log Forbidden: /api/v1/auth/logout/
[24/Aug/2026 17:04:28] "POST /api/v1/auth/logout/ HTTP/1.1" 403 58
[24/Aug/2026 17:04:47] "GET /api/v1/promotions/active/ HTTP/1.1" 200 281
[24/Aug/2026 17:04:47] "GET /api/v1/news/ HTTP/1.1" 200 455
[24/Aug/2026 17:04:47] "GET /api/v1/products/?page=1 HTTP/1.1" 200 5172
[24/Aug/2026 17:04:47] "GET /api/v1/categories/ HTTP/1.1" 200 979
WARNING 2026-08-24 17:04:47,665 log Not Found: /media/products/hp.jpg
[24/Aug/2026 17:04:47] "GET /media/products/hp.jpg HTTP/1.1" 404 3553
WARNING 2026-08-24 17:04:50,890 log Not Found: /media/products/hp.jpg
[24/Aug/2026 17:04:50] "GET /media/products/hp.jpg HTTP/1.1" 404 3553
[24/Aug/2026 17:05:58] "GET /api/v1/categories/ HTTP/1.1" 200 979
[24/Aug/2026 17:05:58] "GET /api/v1/products/?page=1 HTTP/1.1" 200 5172
WARNING 2026-08-24 17:05:58,975 log Not Found: /media/products/hp.jpg
[24/Aug/2026 17:05:58] "GET /media/products/hp.jpg HTTP/1.1" 404 3553
WARNING 2026-08-24 17:06:50,357 log Not Found: /media/products/hp.jpg
[24/Aug/2026 17:06:50] "GET /media/products/hp.jpg HTTP/1.1" 404 3553
WARNING 2026-08-24 17:08:42,922 log Not Found: /media/products/hp.jpg
[24/Aug/2026 17:08:42] "GET /media/products/hp.jpg HTTP/1.1" 404 3553
[24/Aug/2026 17:09:12,829] - Broken pipe from ('127.0.0.1', 43713)
