python : Creating test database for alias 'default' ('file:memorydb_default?mode=memory&cache=shared')...
Au caract?re Ligne:1 : 13
+ cd backend; python manage.py test apps.core apps.partners apps.produc ...
+             ~~~~~~~~~~~~~~~~~~~~~~~~~~~~~~~~~~~~~~~~~~~~~~~~~~~~~~~~~
    + CategoryInfo          : NotSpecified: (Creating test d    ...che=shared')...:String) [], RemoteException
    + FullyQualifiedErrorId : NativeCommandError
 

Found 53 test(s).
Operations to perform:
  Synchronize unmigrated apps: corsheaders, drf_spectacular, messages, partners, postgres, rest_framework, rest_framework_simplejwt, staticfiles
  Apply all migrations: admin, auth, categories, contacts, contenttypes, core, media, news, products, promotions, sessions, subscriptions, token_blacklist, users
Synchronizing apps without migrations:
  Creating tables...
    Creating table partners_partnerapikey
    Running deferred SQL...
Running migrations:
  Applying contenttypes.0001_initial... OK
  Applying contenttypes.0002_remove_content_type_name... OK
  Applying auth.0001_initial... OK
  Applying auth.0002_alter_permission_name_max_length... OK
  Applying auth.0003_alter_user_email_max_length... OK
  Applying auth.0004_alter_user_username_opts... OK
  Applying auth.0005_alter_user_last_login_null... OK
  Applying auth.0006_require_contenttypes_0002... OK
  Applying auth.0007_alter_validators_add_error_messages... OK
  Applying auth.0008_alter_user_username_max_length... OK
  Applying auth.0009_alter_user_last_name_max_length... OK
  Applying auth.0010_alter_group_name_max_length... OK
  Applying auth.0011_update_proxy_permissions... OK
  Applying auth.0012_alter_user_first_name_max_length... OK
  Applying users.0001_initial... OK
  Applying admin.0001_initial... OK
  Applying admin.0002_logentry_remove_auto_add... OK
  Applying admin.0003_logentry_add_action_flag_choices... OK
  Applying categories.0001_initial... OK
  Applying categories.0002_category_categories__slug_9b1a28_idx_and_more... OK
  Applying categories.0003_category_translation_fields... OK
  Applying categories.0004_category_segment... OK
  Applying contacts.0001_initial... OK
  Applying products.0001_initial... OK
  Applying products.0002_product_is_published_product_views_count_productfaq... OK
  Applying products.0003_product_products_pr_slug_3edc0c_idx_and_more... OK
  Applying products.0004_product_translation_fields... OK
  Applying products.0005_alter_productimage_options_productimage_is_primary_and_more... OK
  Applying products.0006_product_activation_fee_product_availability_and_more... OK
  Applying news.0001_initial... OK
  Applying news.0002_news_translation_fields... OK
  Applying core.0001_initial... OK
  Applying core.0002_notification_alter_activitylog_action_and_more... OK
  Applying core.0003_postgres_fulltext_indexes... OK
  Applying core.0004_supportticket_ticketmessage_analyticsevent_and_more... OK
  Applying media.0001_initial... OK
  Applying products.0007_product_search_vector_and_more... OK
  Applying products.0008_populate_product_search_vector... OK
  Applying promotions.0001_initial... OK
  Applying sessions.0001_initial... OK
  Applying subscriptions.0001_initial... OK
  Applying subscriptions.0002_subscriptionstatushistory_and_more... OK
  Applying subscriptions.0003_alter_subscriptionrequest_request_number... OK
  Applying token_blacklist.0001_initial... OK
  Applying token_blacklist.0002_outstandingtoken_jti_hex... OK
  Applying token_blacklist.0003_auto_20171017_2007... OK
  Applying token_blacklist.0004_auto_20171017_2013... OK
  Applying token_blacklist.0005_remove_outstandingtoken_jti... OK
  Applying token_blacklist.0006_auto_20171017_2113... OK
  Applying token_blacklist.0007_auto_20171017_2214... OK
  Applying token_blacklist.0008_migrate_to_bigautofield... OK
  Applying token_blacklist.0010_fix_migrate_to_bigautofield... OK
  Applying token_blacklist.0011_linearizes_history... OK
  Applying token_blacklist.0012_alter_outstandingtoken_user... OK
  Applying token_blacklist.0013_alter_blacklistedtoken_options_and_more... OK
test_create_activity_log (apps.core.tests.ActivityLogModelTest.test_create_activity_log) ... ok
test_admin_summary (apps.core.tests.AnalyticsEventViewSetTest.test_admin_summary) ... ok
test_record_event_public (apps.core.tests.AnalyticsEventViewSetTest.test_record_event_public) ... ok
test_summary_requires_auth (apps.core.tests.AnalyticsEventViewSetTest.test_summary_requires_auth) ... WARNING 2026-08-15 20:40:09,817 log Unauthorized: /api/v1/analytics/summary/
ok
test_unknown_event_type_rejected (apps.core.tests.AnalyticsEventViewSetTest.test_unknown_event_type_rejected) ... WARNING 2026-08-15 20:40:09,833 log Bad Request: /api/v1/analytics/events/
ok
test_slug_unique (apps.core.tests.CategoryModelTest.test_slug_unique) ... ok
test_chatbot_legacy_faq_fallback_when_provider_none (apps.core.tests.ChatbotViewTest.test_chatbot_legacy_faq_fallback_when_provider_none) ... ok
test_chatbot_mock_provider_returns_generated_answer (apps.core.tests.ChatbotViewTest.test_chatbot_mock_provider_returns_generated_answer) ... ok
test_build_rag_prompt_contains_context_and_question (apps.core.tests.LLMProviderTest.test_build_rag_prompt_contains_context_and_question) ... ok
test_get_mock_provider (apps.core.tests.LLMProviderTest.test_get_mock_provider) ... ok
test_run_rag_pipeline_with_mock (apps.core.tests.LLMProviderTest.test_run_rag_pipeline_with_mock) ... ok
test_notification_defaults (apps.core.tests.NotificationModelTest.test_notification_defaults) ... ok
test_product_str_and_views_count_default (apps.core.tests.ProductModelTest.test_product_str_and_views_count_default) ... ok
test_admin_can_list_tickets (apps.core.tests.SupportTicketViewSetTest.test_admin_can_list_tickets) ... ok
test_anonymous_cannot_list_tickets (apps.core.tests.SupportTicketViewSetTest.test_anonymous_cannot_list_tickets) ... WARNING 2026-08-15 20:40:48,821 log Unauthorized: /api/v1/tickets/
ok
test_client_create_and_my_tickets (apps.core.tests.SupportTicketViewSetTest.test_client_create_and_my_tickets) ... ok
test_client_reply_on_own_ticket (apps.core.tests.SupportTicketViewSetTest.test_client_reply_on_own_ticket) ... ok
test_other_client_reply_forbidden (apps.core.tests.SupportTicketViewSetTest.test_other_client_reply_forbidden) ... WARNING 2026-08-15 20:41:44,562 log Forbidden: /api/v1/tickets/1/reply/
ok
test_documents_endpoint (apps.core.tests.V2EndpointsTest.test_documents_endpoint) ... ok
test_eligibility_endpoint (apps.core.tests.V2EndpointsTest.test_eligibility_endpoint) ... ok
test_payment_initiate_endpoint_requires_auth_then_returns_mock_transaction (apps.core.tests.V2EndpointsTest.test_payment_initiate_endpoint_requires_auth_then_returns_mock_transaction) ... WARNING 2026-08-15 20:42:03,578 log Unauthorized: /api/v1/payments/initiate/
ok
test_recommendations_endpoint (apps.core.tests.V2EndpointsTest.test_recommendations_endpoint) ... ok
test_document_store_search (apps.core.tests.V2ServicesTest.test_document_store_search) ... ok
test_email_provider_renders_template (apps.core.tests.V2ServicesTest.test_email_provider_renders_template) ... ok
test_mock_payment_provider_initiates_payment (apps.core.tests.V2ServicesTest.test_mock_payment_provider_initiates_payment) ... ok
test_recommend_products_returns_explainable_results (apps.core.tests.V2ServicesTest.test_recommend_products_returns_explainable_results) ... ok
test_products_requires_api_key (apps.partners.tests.PartnerAPITest.test_products_requires_api_key) ... WARNING 2026-08-15 20:42:09,202 log Forbidden: /api/v1/partner/products/
ok
test_products_with_valid_key (apps.partners.tests.PartnerAPITest.test_products_with_valid_key) ... ok
test_scope_denied_for_news (apps.partners.tests.PartnerAPITest.test_scope_denied_for_news) ... WARNING 2026-08-15 20:42:09,259 log Forbidden: /api/v1/partner/news/
ok
test_categories_with_scope (apps.partners.tests.PartnerV2APITest.test_categories_with_scope) ... ok
test_cross_search_returns_products_categories_and_news (apps.partners.tests.PartnerV2APITest.test_cross_search_returns_products_categories_and_news) ... ok
test_news_scope_enforced (apps.partners.tests.PartnerV2APITest.test_news_scope_enforced) ... WARNING 2026-08-15 20:42:09,459 log Forbidden: /api/v2/partner/news/
ok
test_product_detail_by_slug (apps.partners.tests.PartnerV2APITest.test_product_detail_by_slug) ... ok
test_products_requires_api_key (apps.partners.tests.PartnerV2APITest.test_products_requires_api_key) ... WARNING 2026-08-15 20:42:09,515 log Forbidden: /api/v2/partner/products/
ok
test_products_with_valid_key (apps.partners.tests.PartnerV2APITest.test_products_with_valid_key) ... ok
test_filter_by_availability_and_price (apps.products.tests.OfferFiltersTest.test_filter_by_availability_and_price) ... ok
test_filter_by_offer_type (apps.products.tests.OfferFiltersTest.test_filter_by_offer_type) ... ok
test_filter_by_product_type (apps.products.tests.OfferFiltersTest.test_filter_by_product_type) ... ok
test_login_and_me (apps.products.tests.OfferFiltersTest.test_login_and_me) ... ok
test_manage_stock_property (apps.products.tests.OfferFiltersTest.test_manage_stock_property) ... ok
test_admin_can_publish_product (apps.products.tests.ProductAPITest.test_admin_can_publish_product) ... ok
test_category_list_endpoint (apps.products.tests.ProductAPITest.test_category_list_endpoint) ... ok
test_editor_cannot_delete_product (apps.products.tests.ProductAPITest.test_editor_cannot_delete_product) ... WARNING 2026-08-15 20:42:40,958 log Forbidden: /api/v1/products/routeur-pro/
ok
test_editor_cannot_publish_product (apps.products.tests.ProductAPITest.test_editor_cannot_publish_product) ... WARNING 2026-08-15 20:42:45,726 log Forbidden: /api/v1/products/routeur-pro/publish/
ok
test_filter_catalogue_by_category_slug (apps.products.tests.ProductAPITest.test_filter_catalogue_by_category_slug) ... ok
test_filter_catalogue_by_segment (apps.products.tests.ProductAPITest.test_filter_catalogue_by_segment) ... ok
test_order_catalogue_by_price (apps.products.tests.ProductAPITest.test_order_catalogue_by_price) ... ok
test_product_create_endpoint (apps.products.tests.ProductAPITest.test_product_create_endpoint) ... ok
test_product_detail_by_slug (apps.products.tests.ProductAPITest.test_product_detail_by_slug) ... ok
test_search_catalogue_via_search_param (apps.products.tests.ProductAPITest.test_search_catalogue_via_search_param) ... ok
test_search_no_results (apps.products.tests.ProductSearchViewTest.test_search_no_results) ... ok
test_search_returns_matching_only_published (apps.products.tests.ProductSearchViewTest.test_search_returns_matching_only_published) ... ok
test_search_without_query_lists_all_published (apps.products.tests.ProductSearchViewTest.test_search_without_query_lists_all_published) ... ok

----------------------------------------------------------------------
Ran 53 tests in 196.747s

OK
Destroying test database for alias 'default' ('file:memorydb_default?mode=memory&cache=shared')...

  Applying users.0002_alter_user_role... OK
System check identified no issues (0 silenced).
